// Jest Snapshot v1, https://goo.gl/fbAQLP

exports[`Should render expense information with a link attached to the expense description 1`] = `
<div>
  <[object Object]
    to="edit/1"
  >
    <h3>
      Gum
    </h3>
  </[object Object]>
  <p>
    195
     - 
    0
  </p>
</div>
`;
