// Jest Snapshot v1, https://goo.gl/fbAQLP

exports[`Should render Header correctly 1`] = `
<div>
  <h1>
    Expensify
  </h1>
  <[object Object]
    activeClassName="is-active"
    exact={true}
    to="/"
  >
    Dashboard
  </[object Object]>
  <br />
  <[object Object]
    activeClassName="is-active"
    to="/create"
  >
    Create an Expense
  </[object Object]>
  <br />
  <br />
  <br />
</div>
`;
