// Jest Snapshot v1, https://goo.gl/fbAQLP

exports[`Should render the NotFoundPage component 1`] = `
<p>
  404! - This page wasn't found! 
  <[object Object]
    to="/"
  >
    Go home
  </[object Object]>
</p>
`;
